DEBUG:root:Xml parser begin
DEBUG:root:File path: resources/jj.xml
DEBUG:root:Xml parser end
DEBUG:root:Xml parser begin
DEBUG:root:File path: resources/cc.xml
DEBUG:root:Xml parser end
DEBUG:root:Xml parser begin
DEBUG:root:File path: resources/ns3.xml
DEBUG:root:Xml parser end
DEBUG:root:Xml conversion to json
DEBUG:root:File path: resources/jj.xml
DEBUG:root:Xml conversion to json
DEBUG:root:File path: resources/cc.xml
DEBUG:root:Xml conversion to json
DEBUG:root:File path: resources/ns3.xml
DEBUG:PIL.PngImagePlugin:STREAM b'IHDR' 16 13
DEBUG:PIL.PngImagePlugin:STREAM b'sBIT' 41 4
DEBUG:PIL.PngImagePlugin:b'sBIT' 41 4 (unknown)
DEBUG:PIL.PngImagePlugin:STREAM b'pHYs' 57 9
DEBUG:PIL.PngImagePlugin:STREAM b'tEXt' 78 25
DEBUG:PIL.PngImagePlugin:STREAM b'IDAT' 115 8192
DEBUG:PIL.PngImagePlugin:STREAM b'IHDR' 16 13
DEBUG:PIL.PngImagePlugin:STREAM b'sBIT' 41 4
DEBUG:PIL.PngImagePlugin:b'sBIT' 41 4 (unknown)
DEBUG:PIL.PngImagePlugin:STREAM b'pHYs' 57 9
DEBUG:PIL.PngImagePlugin:STREAM b'tEXt' 78 25
DEBUG:PIL.PngImagePlugin:STREAM b'tEXt' 115 18
DEBUG:PIL.PngImagePlugin:STREAM b'IDAT' 145 8192
DEBUG:PIL.PngImagePlugin:STREAM b'IHDR' 16 13
DEBUG:PIL.PngImagePlugin:STREAM b'IDAT' 41 28781
DEBUG:PIL.PngImagePlugin:STREAM b'IHDR' 16 13
DEBUG:PIL.PngImagePlugin:STREAM b'sBIT' 41 4
DEBUG:PIL.PngImagePlugin:b'sBIT' 41 4 (unknown)
DEBUG:PIL.PngImagePlugin:STREAM b'pHYs' 57 9
DEBUG:PIL.PngImagePlugin:STREAM b'tEXt' 78 25
DEBUG:PIL.PngImagePlugin:STREAM b'IDAT' 115 8192
DEBUG:root:Xml parser begin
DEBUG:root:File path: resources/jj.xml
DEBUG:root:Xml parser end
DEBUG:root:Xml parser begin
DEBUG:root:File path: resources/cc.xml
DEBUG:root:Xml parser end
DEBUG:root:Xml parser begin
DEBUG:root:File path: resources/ns3.xml
DEBUG:root:Xml parser end
DEBUG:root:Xml conversion to json
DEBUG:root:File path: resources/jj.xml
DEBUG:root:Xml conversion to json
DEBUG:root:File path: resources/cc.xml
DEBUG:root:Xml conversion to json
DEBUG:root:File path: resources/ns3.xml
DEBUG:PIL.PngImagePlugin:STREAM b'IHDR' 16 13
DEBUG:PIL.PngImagePlugin:STREAM b'sBIT' 41 4
DEBUG:PIL.PngImagePlugin:b'sBIT' 41 4 (unknown)
DEBUG:PIL.PngImagePlugin:STREAM b'pHYs' 57 9
DEBUG:PIL.PngImagePlugin:STREAM b'tEXt' 78 25
DEBUG:PIL.PngImagePlugin:STREAM b'IDAT' 115 8192
DEBUG:PIL.PngImagePlugin:STREAM b'IHDR' 16 13
DEBUG:PIL.PngImagePlugin:STREAM b'sBIT' 41 4
DEBUG:PIL.PngImagePlugin:b'sBIT' 41 4 (unknown)
DEBUG:PIL.PngImagePlugin:STREAM b'pHYs' 57 9
DEBUG:PIL.PngImagePlugin:STREAM b'tEXt' 78 25
DEBUG:PIL.PngImagePlugin:STREAM b'tEXt' 115 18
DEBUG:PIL.PngImagePlugin:STREAM b'IDAT' 145 8192
DEBUG:PIL.PngImagePlugin:STREAM b'IHDR' 16 13
DEBUG:PIL.PngImagePlugin:STREAM b'IDAT' 41 28781
DEBUG:PIL.PngImagePlugin:STREAM b'IHDR' 16 13
DEBUG:PIL.PngImagePlugin:STREAM b'sBIT' 41 4
DEBUG:PIL.PngImagePlugin:b'sBIT' 41 4 (unknown)
DEBUG:PIL.PngImagePlugin:STREAM b'pHYs' 57 9
DEBUG:PIL.PngImagePlugin:STREAM b'tEXt' 78 25
DEBUG:PIL.PngImagePlugin:STREAM b'IDAT' 115 8192
DEBUG:root:Xml parser begin
DEBUG:root:File path: F:/Application_projects/Diploma thesis/DP_NS3_Visualizer_FEI_STU/resources/jj.xml
DEBUG:root:Xml parser end
DEBUG:PIL.PngImagePlugin:STREAM b'IHDR' 16 13
DEBUG:PIL.PngImagePlugin:STREAM b'pHYs' 41 9
DEBUG:PIL.PngImagePlugin:STREAM b'tEXt' 62 25
DEBUG:PIL.PngImagePlugin:STREAM b'IDAT' 99 66635
DEBUG:root:Xml parser begin
DEBUG:root:File path: resources/jj.xml
DEBUG:root:Xml parser end
DEBUG:root:Xml parser begin
DEBUG:root:File path: resources/cc.xml
DEBUG:root:Xml parser end
DEBUG:root:Xml parser begin
DEBUG:root:File path: resources/ns3.xml
DEBUG:root:Xml parser end
DEBUG:root:Xml conversion to json
DEBUG:root:File path: resources/jj.xml
DEBUG:root:Xml conversion to json
DEBUG:root:File path: resources/cc.xml
DEBUG:root:Xml conversion to json
DEBUG:root:File path: resources/ns3.xml
DEBUG:PIL.PngImagePlugin:STREAM b'IHDR' 16 13
DEBUG:PIL.PngImagePlugin:STREAM b'sBIT' 41 4
DEBUG:PIL.PngImagePlugin:b'sBIT' 41 4 (unknown)
DEBUG:PIL.PngImagePlugin:STREAM b'pHYs' 57 9
DEBUG:PIL.PngImagePlugin:STREAM b'tEXt' 78 25
DEBUG:PIL.PngImagePlugin:STREAM b'IDAT' 115 8192
DEBUG:PIL.PngImagePlugin:STREAM b'IHDR' 16 13
DEBUG:PIL.PngImagePlugin:STREAM b'sBIT' 41 4
DEBUG:PIL.PngImagePlugin:b'sBIT' 41 4 (unknown)
DEBUG:PIL.PngImagePlugin:STREAM b'pHYs' 57 9
DEBUG:PIL.PngImagePlugin:STREAM b'tEXt' 78 25
DEBUG:PIL.PngImagePlugin:STREAM b'tEXt' 115 18
DEBUG:PIL.PngImagePlugin:STREAM b'IDAT' 145 8192
DEBUG:PIL.PngImagePlugin:STREAM b'IHDR' 16 13
DEBUG:PIL.PngImagePlugin:STREAM b'IDAT' 41 28781
DEBUG:PIL.PngImagePlugin:STREAM b'IHDR' 16 13
DEBUG:PIL.PngImagePlugin:STREAM b'sBIT' 41 4
DEBUG:PIL.PngImagePlugin:b'sBIT' 41 4 (unknown)
DEBUG:PIL.PngImagePlugin:STREAM b'pHYs' 57 9
DEBUG:PIL.PngImagePlugin:STREAM b'tEXt' 78 25
DEBUG:PIL.PngImagePlugin:STREAM b'IDAT' 115 8192
DEBUG:root:Xml parser begin
DEBUG:root:File path: resources/jj.xml
DEBUG:root:Xml parser end
DEBUG:root:Xml parser begin
DEBUG:root:File path: resources/cc.xml
DEBUG:root:Xml parser end
DEBUG:root:Xml parser begin
DEBUG:root:File path: resources/ns3.xml
DEBUG:root:Xml parser end
DEBUG:root:Xml conversion to json
DEBUG:root:File path: resources/jj.xml
DEBUG:root:Xml parser begin
DEBUG:root:File path: resources/jj.xml
DEBUG:root:Xml parser end
DEBUG:root:Xml parser begin
DEBUG:root:File path: resources/cc.xml
DEBUG:root:Xml parser end
DEBUG:root:Xml parser begin
DEBUG:root:File path: resources/ns3.xml
DEBUG:root:Xml parser end
DEBUG:root:Xml conversion to json
DEBUG:root:File path: resources/jj.xml
DEBUG:root:Xml conversion to json
DEBUG:root:File path: resources/cc.xml
DEBUG:root:Xml conversion to json
DEBUG:root:File path: resources/ns3.xml
DEBUG:root:Xml parser begin
DEBUG:root:File path: resources/jj.xml
DEBUG:root:Xml parser end
DEBUG:root:Xml parser begin
DEBUG:root:File path: resources/cc.xml
DEBUG:root:Xml parser end
DEBUG:root:Xml parser begin
DEBUG:root:File path: resources/ns3.xml
DEBUG:root:Xml parser end
DEBUG:root:Xml conversion to json
DEBUG:root:File path: resources/jj.xml
DEBUG:root:Xml conversion to json
DEBUG:root:File path: resources/cc.xml
DEBUG:root:Xml conversion to json
DEBUG:root:File path: resources/ns3.xml
DEBUG:root:Xml parser begin
DEBUG:root:File path: resources/jj.xml
DEBUG:root:Xml parser end
DEBUG:root:Xml parser begin
DEBUG:root:File path: resources/cc.xml
DEBUG:root:Xml parser end
DEBUG:root:Xml parser begin
DEBUG:root:File path: resources/ns3.xml
DEBUG:root:Xml parser end
DEBUG:root:Xml conversion to json
DEBUG:root:File path: resources/jj.xml
DEBUG:root:Xml conversion to json
DEBUG:root:File path: resources/cc.xml
DEBUG:root:Xml conversion to json
DEBUG:root:File path: resources/ns3.xml
DEBUG:root:Xml parser begin
DEBUG:root:File path: resources/jj.xml
DEBUG:root:Xml parser end
DEBUG:root:Xml parser begin
DEBUG:root:File path: resources/cc.xml
DEBUG:root:Xml parser end
DEBUG:root:Xml parser begin
DEBUG:root:File path: resources/ns3.xml
DEBUG:root:Xml parser end
DEBUG:root:Xml conversion to json
DEBUG:root:File path: resources/jj.xml
DEBUG:root:Xml conversion to json
DEBUG:root:File path: resources/cc.xml
DEBUG:root:Xml conversion to json
DEBUG:root:File path: resources/ns3.xml
DEBUG:PIL.PngImagePlugin:STREAM b'IHDR' 16 13
DEBUG:PIL.PngImagePlugin:STREAM b'sBIT' 41 4
DEBUG:PIL.PngImagePlugin:b'sBIT' 41 4 (unknown)
DEBUG:PIL.PngImagePlugin:STREAM b'pHYs' 57 9
DEBUG:PIL.PngImagePlugin:STREAM b'tEXt' 78 25
DEBUG:PIL.PngImagePlugin:STREAM b'IDAT' 115 8192
DEBUG:PIL.PngImagePlugin:STREAM b'IHDR' 16 13
DEBUG:PIL.PngImagePlugin:STREAM b'sBIT' 41 4
DEBUG:PIL.PngImagePlugin:b'sBIT' 41 4 (unknown)
DEBUG:PIL.PngImagePlugin:STREAM b'pHYs' 57 9
DEBUG:PIL.PngImagePlugin:STREAM b'tEXt' 78 25
DEBUG:PIL.PngImagePlugin:STREAM b'tEXt' 115 18
DEBUG:PIL.PngImagePlugin:STREAM b'IDAT' 145 8192
DEBUG:PIL.PngImagePlugin:STREAM b'IHDR' 16 13
DEBUG:PIL.PngImagePlugin:STREAM b'IDAT' 41 28781
DEBUG:PIL.PngImagePlugin:STREAM b'IHDR' 16 13
DEBUG:PIL.PngImagePlugin:STREAM b'sBIT' 41 4
DEBUG:PIL.PngImagePlugin:b'sBIT' 41 4 (unknown)
DEBUG:PIL.PngImagePlugin:STREAM b'pHYs' 57 9
DEBUG:PIL.PngImagePlugin:STREAM b'tEXt' 78 25
DEBUG:PIL.PngImagePlugin:STREAM b'IDAT' 115 8192
DEBUG:root:Xml parser begin
DEBUG:root:File path: resources/jj.xml
DEBUG:root:Xml parser end
DEBUG:root:Xml parser begin
DEBUG:root:File path: resources/cc.xml
DEBUG:root:Xml parser end
DEBUG:root:Xml parser begin
DEBUG:root:File path: resources/ns3.xml
DEBUG:root:Xml parser end
DEBUG:root:Xml conversion to json
DEBUG:root:File path: resources/jj.xml
DEBUG:root:Xml conversion to json
DEBUG:root:File path: resources/cc.xml
DEBUG:root:Xml conversion to json
DEBUG:root:File path: resources/ns3.xml
DEBUG:root:Xml parser begin
DEBUG:root:File path: resources/jj.xml
DEBUG:root:Xml parser end
DEBUG:root:Xml parser begin
DEBUG:root:File path: resources/cc.xml
DEBUG:root:Xml parser end
DEBUG:root:Xml parser begin
DEBUG:root:File path: resources/ns3.xml
DEBUG:root:Xml parser end
DEBUG:root:Xml conversion to json
DEBUG:root:File path: resources/jj.xml
DEBUG:root:Xml conversion to json
DEBUG:root:File path: resources/cc.xml
DEBUG:root:Xml conversion to json
DEBUG:root:File path: resources/ns3.xml
DEBUG:PIL.PngImagePlugin:STREAM b'IHDR' 16 13
DEBUG:PIL.PngImagePlugin:STREAM b'sBIT' 41 4
DEBUG:PIL.PngImagePlugin:b'sBIT' 41 4 (unknown)
DEBUG:PIL.PngImagePlugin:STREAM b'pHYs' 57 9
DEBUG:PIL.PngImagePlugin:STREAM b'tEXt' 78 25
DEBUG:PIL.PngImagePlugin:STREAM b'IDAT' 115 8192
DEBUG:PIL.PngImagePlugin:STREAM b'IHDR' 16 13
DEBUG:PIL.PngImagePlugin:STREAM b'sBIT' 41 4
DEBUG:PIL.PngImagePlugin:b'sBIT' 41 4 (unknown)
DEBUG:PIL.PngImagePlugin:STREAM b'pHYs' 57 9
DEBUG:PIL.PngImagePlugin:STREAM b'tEXt' 78 25
DEBUG:PIL.PngImagePlugin:STREAM b'tEXt' 115 18
DEBUG:PIL.PngImagePlugin:STREAM b'IDAT' 145 8192
DEBUG:PIL.PngImagePlugin:STREAM b'IHDR' 16 13
DEBUG:PIL.PngImagePlugin:STREAM b'IDAT' 41 28781
DEBUG:PIL.PngImagePlugin:STREAM b'IHDR' 16 13
DEBUG:PIL.PngImagePlugin:STREAM b'sBIT' 41 4
DEBUG:PIL.PngImagePlugin:b'sBIT' 41 4 (unknown)
DEBUG:PIL.PngImagePlugin:STREAM b'pHYs' 57 9
DEBUG:PIL.PngImagePlugin:STREAM b'tEXt' 78 25
DEBUG:PIL.PngImagePlugin:STREAM b'IDAT' 115 8192
DEBUG:root:Xml parser begin
DEBUG:root:File path: resources/jj.xml
DEBUG:root:Xml parser end
DEBUG:root:Xml parser begin
DEBUG:root:File path: resources/cc.xml
DEBUG:root:Xml parser end
DEBUG:root:Xml parser begin
DEBUG:root:File path: resources/ns3.xml
DEBUG:root:Xml parser end
DEBUG:root:Xml conversion to json
DEBUG:root:File path: resources/jj.xml
DEBUG:root:Xml conversion to json
DEBUG:root:File path: resources/cc.xml
DEBUG:root:Xml conversion to json
DEBUG:root:File path: resources/ns3.xml
DEBUG:PIL.PngImagePlugin:STREAM b'IHDR' 16 13
DEBUG:PIL.PngImagePlugin:STREAM b'sBIT' 41 4
DEBUG:PIL.PngImagePlugin:b'sBIT' 41 4 (unknown)
DEBUG:PIL.PngImagePlugin:STREAM b'pHYs' 57 9
DEBUG:PIL.PngImagePlugin:STREAM b'tEXt' 78 25
DEBUG:PIL.PngImagePlugin:STREAM b'IDAT' 115 8192
DEBUG:PIL.PngImagePlugin:STREAM b'IHDR' 16 13
DEBUG:PIL.PngImagePlugin:STREAM b'sBIT' 41 4
DEBUG:PIL.PngImagePlugin:b'sBIT' 41 4 (unknown)
DEBUG:PIL.PngImagePlugin:STREAM b'pHYs' 57 9
DEBUG:PIL.PngImagePlugin:STREAM b'tEXt' 78 25
DEBUG:PIL.PngImagePlugin:STREAM b'tEXt' 115 18
DEBUG:PIL.PngImagePlugin:STREAM b'IDAT' 145 8192
DEBUG:PIL.PngImagePlugin:STREAM b'IHDR' 16 13
DEBUG:PIL.PngImagePlugin:STREAM b'IDAT' 41 28781
DEBUG:PIL.PngImagePlugin:STREAM b'IHDR' 16 13
DEBUG:PIL.PngImagePlugin:STREAM b'sBIT' 41 4
DEBUG:PIL.PngImagePlugin:b'sBIT' 41 4 (unknown)
DEBUG:PIL.PngImagePlugin:STREAM b'pHYs' 57 9
DEBUG:PIL.PngImagePlugin:STREAM b'tEXt' 78 25
DEBUG:PIL.PngImagePlugin:STREAM b'IDAT' 115 8192
DEBUG:root:Xml parser begin
DEBUG:root:File path: F:/Application_projects/Diploma thesis/DP_NS3_Visualizer_FEI_STU/resources/cc.xml
DEBUG:root:Xml parser end
DEBUG:PIL.PngImagePlugin:STREAM b'IHDR' 16 13
DEBUG:PIL.PngImagePlugin:STREAM b'pHYs' 41 9
DEBUG:PIL.PngImagePlugin:STREAM b'tEXt' 62 25
DEBUG:PIL.PngImagePlugin:STREAM b'IDAT' 99 66635
DEBUG:root:Xml parser begin
DEBUG:root:File path: resources/jj.xml
DEBUG:root:Xml parser end
DEBUG:root:Xml parser begin
DEBUG:root:File path: resources/cc.xml
DEBUG:root:Xml parser end
DEBUG:root:Xml parser begin
DEBUG:root:File path: resources/ns3.xml
DEBUG:root:Xml parser end
DEBUG:root:Xml conversion to json
DEBUG:root:File path: resources/jj.xml
DEBUG:root:Xml conversion to json
DEBUG:root:File path: resources/cc.xml
DEBUG:root:Xml conversion to json
DEBUG:root:File path: resources/ns3.xml
DEBUG:PIL.PngImagePlugin:STREAM b'IHDR' 16 13
DEBUG:PIL.PngImagePlugin:STREAM b'sBIT' 41 4
DEBUG:PIL.PngImagePlugin:b'sBIT' 41 4 (unknown)
DEBUG:PIL.PngImagePlugin:STREAM b'pHYs' 57 9
DEBUG:PIL.PngImagePlugin:STREAM b'tEXt' 78 25
DEBUG:PIL.PngImagePlugin:STREAM b'IDAT' 115 8192
DEBUG:PIL.PngImagePlugin:STREAM b'IHDR' 16 13
DEBUG:PIL.PngImagePlugin:STREAM b'sBIT' 41 4
DEBUG:PIL.PngImagePlugin:b'sBIT' 41 4 (unknown)
DEBUG:PIL.PngImagePlugin:STREAM b'pHYs' 57 9
DEBUG:PIL.PngImagePlugin:STREAM b'tEXt' 78 25
DEBUG:PIL.PngImagePlugin:STREAM b'tEXt' 115 18
DEBUG:PIL.PngImagePlugin:STREAM b'IDAT' 145 8192
DEBUG:PIL.PngImagePlugin:STREAM b'IHDR' 16 13
DEBUG:PIL.PngImagePlugin:STREAM b'IDAT' 41 28781
DEBUG:PIL.PngImagePlugin:STREAM b'IHDR' 16 13
DEBUG:PIL.PngImagePlugin:STREAM b'sBIT' 41 4
DEBUG:PIL.PngImagePlugin:b'sBIT' 41 4 (unknown)
DEBUG:PIL.PngImagePlugin:STREAM b'pHYs' 57 9
DEBUG:PIL.PngImagePlugin:STREAM b'tEXt' 78 25
DEBUG:PIL.PngImagePlugin:STREAM b'IDAT' 115 8192
DEBUG:root:Xml parser begin
DEBUG:root:File path: F:/Application_projects/Diploma thesis/DP_NS3_Visualizer_FEI_STU/resources/jj.xml
DEBUG:root:Xml parser end
DEBUG:PIL.PngImagePlugin:STREAM b'IHDR' 16 13
DEBUG:PIL.PngImagePlugin:STREAM b'pHYs' 41 9
DEBUG:PIL.PngImagePlugin:STREAM b'tEXt' 62 25
DEBUG:PIL.PngImagePlugin:STREAM b'IDAT' 99 66635
DEBUG:root:Xml parser begin
DEBUG:root:File path: F:/Application_projects/Diploma thesis/DP_NS3_Visualizer_FEI_STU/resources/ns3.xml
DEBUG:root:Xml parser end
DEBUG:PIL.PngImagePlugin:STREAM b'IHDR' 16 13
DEBUG:PIL.PngImagePlugin:STREAM b'pHYs' 41 9
DEBUG:PIL.PngImagePlugin:STREAM b'tEXt' 62 25
DEBUG:PIL.PngImagePlugin:STREAM b'IDAT' 99 66635
DEBUG:root:Xml parser begin
DEBUG:root:File path: F:/Application_projects/Diploma thesis/DP_NS3_Visualizer_FEI_STU/resources/ns3.xml
DEBUG:root:Xml parser end
DEBUG:PIL.PngImagePlugin:STREAM b'IHDR' 16 13
DEBUG:PIL.PngImagePlugin:STREAM b'pHYs' 41 9
DEBUG:PIL.PngImagePlugin:STREAM b'tEXt' 62 25
DEBUG:PIL.PngImagePlugin:STREAM b'IDAT' 99 66635
DEBUG:root:Xml parser begin
DEBUG:root:File path: resources/jj.xml
DEBUG:root:Xml parser end
DEBUG:root:Xml parser begin
DEBUG:root:File path: resources/cc.xml
DEBUG:root:Xml parser end
DEBUG:root:Xml parser begin
DEBUG:root:File path: resources/ns3.xml
DEBUG:root:Xml parser end
DEBUG:root:Xml conversion to json
DEBUG:root:File path: resources/jj.xml
DEBUG:root:Xml conversion to json
DEBUG:root:File path: resources/cc.xml
DEBUG:root:Xml conversion to json
DEBUG:root:File path: resources/ns3.xml
DEBUG:PIL.PngImagePlugin:STREAM b'IHDR' 16 13
DEBUG:PIL.PngImagePlugin:STREAM b'sBIT' 41 4
DEBUG:PIL.PngImagePlugin:b'sBIT' 41 4 (unknown)
DEBUG:PIL.PngImagePlugin:STREAM b'pHYs' 57 9
DEBUG:PIL.PngImagePlugin:STREAM b'tEXt' 78 25
DEBUG:PIL.PngImagePlugin:STREAM b'IDAT' 115 8192
DEBUG:PIL.PngImagePlugin:STREAM b'IHDR' 16 13
DEBUG:PIL.PngImagePlugin:STREAM b'sBIT' 41 4
DEBUG:PIL.PngImagePlugin:b'sBIT' 41 4 (unknown)
DEBUG:PIL.PngImagePlugin:STREAM b'pHYs' 57 9
DEBUG:PIL.PngImagePlugin:STREAM b'tEXt' 78 25
DEBUG:PIL.PngImagePlugin:STREAM b'tEXt' 115 18
DEBUG:PIL.PngImagePlugin:STREAM b'IDAT' 145 8192
DEBUG:PIL.PngImagePlugin:STREAM b'IHDR' 16 13
DEBUG:PIL.PngImagePlugin:STREAM b'IDAT' 41 28781
DEBUG:PIL.PngImagePlugin:STREAM b'IHDR' 16 13
DEBUG:PIL.PngImagePlugin:STREAM b'sBIT' 41 4
DEBUG:PIL.PngImagePlugin:b'sBIT' 41 4 (unknown)
DEBUG:PIL.PngImagePlugin:STREAM b'pHYs' 57 9
DEBUG:PIL.PngImagePlugin:STREAM b'tEXt' 78 25
DEBUG:PIL.PngImagePlugin:STREAM b'IDAT' 115 8192
DEBUG:root:Xml parser begin
DEBUG:root:File path: F:/Application_projects/Diploma thesis/DP_NS3_Visualizer_FEI_STU/resources/cc.xml
DEBUG:root:Xml parser end
DEBUG:root:Xml parser begin
DEBUG:root:File path: resources/jj.xml
DEBUG:root:Xml parser end
DEBUG:root:Xml parser begin
DEBUG:root:File path: resources/cc.xml
DEBUG:root:Xml parser end
DEBUG:root:Xml parser begin
DEBUG:root:File path: resources/ns3.xml
DEBUG:root:Xml parser end
DEBUG:root:Xml conversion to json
DEBUG:root:File path: resources/jj.xml
DEBUG:root:Xml conversion to json
DEBUG:root:File path: resources/cc.xml
DEBUG:root:Xml conversion to json
DEBUG:root:File path: resources/ns3.xml
DEBUG:root:Xml parser begin
DEBUG:root:File path: resources/jj.xml
DEBUG:root:Xml parser end
DEBUG:root:Xml parser begin
DEBUG:root:File path: resources/cc.xml
DEBUG:root:Xml parser end
DEBUG:root:Xml parser begin
DEBUG:root:File path: resources/ns3.xml
DEBUG:root:Xml parser end
DEBUG:root:Xml conversion to json
DEBUG:root:File path: resources/jj.xml
DEBUG:root:Xml conversion to json
DEBUG:root:File path: resources/cc.xml
DEBUG:root:Xml conversion to json
DEBUG:root:File path: resources/ns3.xml
DEBUG:PIL.PngImagePlugin:STREAM b'IHDR' 16 13
DEBUG:PIL.PngImagePlugin:STREAM b'sBIT' 41 4
DEBUG:PIL.PngImagePlugin:b'sBIT' 41 4 (unknown)
DEBUG:PIL.PngImagePlugin:STREAM b'pHYs' 57 9
DEBUG:PIL.PngImagePlugin:STREAM b'tEXt' 78 25
DEBUG:PIL.PngImagePlugin:STREAM b'IDAT' 115 8192
DEBUG:PIL.PngImagePlugin:STREAM b'IHDR' 16 13
DEBUG:PIL.PngImagePlugin:STREAM b'sBIT' 41 4
DEBUG:PIL.PngImagePlugin:b'sBIT' 41 4 (unknown)
DEBUG:PIL.PngImagePlugin:STREAM b'pHYs' 57 9
DEBUG:PIL.PngImagePlugin:STREAM b'tEXt' 78 25
DEBUG:PIL.PngImagePlugin:STREAM b'tEXt' 115 18
DEBUG:PIL.PngImagePlugin:STREAM b'IDAT' 145 8192
DEBUG:PIL.PngImagePlugin:STREAM b'IHDR' 16 13
DEBUG:PIL.PngImagePlugin:STREAM b'IDAT' 41 28781
DEBUG:PIL.PngImagePlugin:STREAM b'IHDR' 16 13
DEBUG:PIL.PngImagePlugin:STREAM b'sBIT' 41 4
DEBUG:PIL.PngImagePlugin:b'sBIT' 41 4 (unknown)
DEBUG:PIL.PngImagePlugin:STREAM b'pHYs' 57 9
DEBUG:PIL.PngImagePlugin:STREAM b'tEXt' 78 25
DEBUG:PIL.PngImagePlugin:STREAM b'IDAT' 115 8192
DEBUG:root:Xml parser begin
DEBUG:root:File path: F:/Application_projects/Diploma thesis/DP_NS3_Visualizer_FEI_STU/resources/jj.xml
DEBUG:root:Xml parser end
DEBUG:PIL.PngImagePlugin:STREAM b'IHDR' 16 13
DEBUG:PIL.PngImagePlugin:STREAM b'pHYs' 41 9
DEBUG:PIL.PngImagePlugin:STREAM b'tEXt' 62 25
DEBUG:PIL.PngImagePlugin:STREAM b'IDAT' 99 66635
DEBUG:root:Xml parser begin
DEBUG:root:File path: resources/jj.xml
DEBUG:root:Xml parser end
DEBUG:root:Xml parser begin
DEBUG:root:File path: resources/cc.xml
DEBUG:root:Xml parser end
DEBUG:root:Xml parser begin
DEBUG:root:File path: resources/ns3.xml
DEBUG:root:Xml parser end
DEBUG:root:Xml conversion to json
DEBUG:root:File path: resources/jj.xml
DEBUG:root:Xml conversion to json
DEBUG:root:File path: resources/cc.xml
DEBUG:root:Xml conversion to json
DEBUG:root:File path: resources/ns3.xml
DEBUG:PIL.PngImagePlugin:STREAM b'IHDR' 16 13
DEBUG:PIL.PngImagePlugin:STREAM b'sBIT' 41 4
DEBUG:PIL.PngImagePlugin:b'sBIT' 41 4 (unknown)
DEBUG:PIL.PngImagePlugin:STREAM b'pHYs' 57 9
DEBUG:PIL.PngImagePlugin:STREAM b'tEXt' 78 25
DEBUG:PIL.PngImagePlugin:STREAM b'IDAT' 115 8192
DEBUG:PIL.PngImagePlugin:STREAM b'IHDR' 16 13
DEBUG:PIL.PngImagePlugin:STREAM b'sBIT' 41 4
DEBUG:PIL.PngImagePlugin:b'sBIT' 41 4 (unknown)
DEBUG:PIL.PngImagePlugin:STREAM b'pHYs' 57 9
DEBUG:PIL.PngImagePlugin:STREAM b'tEXt' 78 25
DEBUG:PIL.PngImagePlugin:STREAM b'tEXt' 115 18
DEBUG:PIL.PngImagePlugin:STREAM b'IDAT' 145 8192
DEBUG:PIL.PngImagePlugin:STREAM b'IHDR' 16 13
DEBUG:PIL.PngImagePlugin:STREAM b'IDAT' 41 28781
DEBUG:PIL.PngImagePlugin:STREAM b'IHDR' 16 13
DEBUG:PIL.PngImagePlugin:STREAM b'sBIT' 41 4
DEBUG:PIL.PngImagePlugin:b'sBIT' 41 4 (unknown)
DEBUG:PIL.PngImagePlugin:STREAM b'pHYs' 57 9
DEBUG:PIL.PngImagePlugin:STREAM b'tEXt' 78 25
DEBUG:PIL.PngImagePlugin:STREAM b'IDAT' 115 8192
DEBUG:root:Xml parser begin
DEBUG:root:File path: F:/Application_projects/Diploma thesis/DP_NS3_Visualizer_FEI_STU/resources/jj.xml
DEBUG:root:Xml parser end
DEBUG:root:Xml parser begin
DEBUG:root:File path: F:/Application_projects/Diploma thesis/DP_NS3_Visualizer_FEI_STU/resources/cc.xml
DEBUG:root:Xml parser end
DEBUG:PIL.PngImagePlugin:STREAM b'IHDR' 16 13
DEBUG:PIL.PngImagePlugin:STREAM b'pHYs' 41 9
DEBUG:PIL.PngImagePlugin:STREAM b'tEXt' 62 25
DEBUG:PIL.PngImagePlugin:STREAM b'IDAT' 99 66635
DEBUG:root:Xml parser begin
DEBUG:root:File path: resources/jj.xml
DEBUG:root:Xml parser end
DEBUG:root:Xml parser begin
DEBUG:root:File path: resources/cc.xml
DEBUG:root:Xml parser end
DEBUG:root:Xml parser begin
DEBUG:root:File path: resources/ns3.xml
DEBUG:root:Xml parser end
DEBUG:root:Xml conversion to json
DEBUG:root:File path: resources/jj.xml
DEBUG:root:Xml conversion to json
DEBUG:root:File path: resources/cc.xml
DEBUG:root:Xml conversion to json
DEBUG:root:File path: resources/ns3.xml
DEBUG:PIL.PngImagePlugin:STREAM b'IHDR' 16 13
DEBUG:PIL.PngImagePlugin:STREAM b'sBIT' 41 4
DEBUG:PIL.PngImagePlugin:b'sBIT' 41 4 (unknown)
DEBUG:PIL.PngImagePlugin:STREAM b'pHYs' 57 9
DEBUG:PIL.PngImagePlugin:STREAM b'tEXt' 78 25
DEBUG:PIL.PngImagePlugin:STREAM b'IDAT' 115 8192
DEBUG:PIL.PngImagePlugin:STREAM b'IHDR' 16 13
DEBUG:PIL.PngImagePlugin:STREAM b'sBIT' 41 4
DEBUG:PIL.PngImagePlugin:b'sBIT' 41 4 (unknown)
DEBUG:PIL.PngImagePlugin:STREAM b'pHYs' 57 9
DEBUG:PIL.PngImagePlugin:STREAM b'tEXt' 78 25
DEBUG:PIL.PngImagePlugin:STREAM b'tEXt' 115 18
DEBUG:PIL.PngImagePlugin:STREAM b'IDAT' 145 8192
DEBUG:PIL.PngImagePlugin:STREAM b'IHDR' 16 13
DEBUG:PIL.PngImagePlugin:STREAM b'IDAT' 41 28781
DEBUG:PIL.PngImagePlugin:STREAM b'IHDR' 16 13
DEBUG:PIL.PngImagePlugin:STREAM b'sBIT' 41 4
DEBUG:PIL.PngImagePlugin:b'sBIT' 41 4 (unknown)
DEBUG:PIL.PngImagePlugin:STREAM b'pHYs' 57 9
DEBUG:PIL.PngImagePlugin:STREAM b'tEXt' 78 25
DEBUG:PIL.PngImagePlugin:STREAM b'IDAT' 115 8192
DEBUG:root:Xml parser begin
DEBUG:root:File path: F:/Application_projects/Diploma thesis/DP_NS3_Visualizer_FEI_STU/resources/jj.xml
DEBUG:root:Xml parser end
DEBUG:root:Xml parser begin
DEBUG:root:File path: resources/jj.xml
DEBUG:root:Xml parser end
DEBUG:root:Xml parser begin
DEBUG:root:File path: resources/cc.xml
DEBUG:root:Xml parser end
DEBUG:root:Xml parser begin
DEBUG:root:File path: resources/ns3.xml
DEBUG:root:Xml parser end
DEBUG:root:Xml conversion to json
DEBUG:root:File path: resources/jj.xml
DEBUG:root:Xml conversion to json
DEBUG:root:File path: resources/cc.xml
DEBUG:root:Xml conversion to json
DEBUG:root:File path: resources/ns3.xml
DEBUG:PIL.PngImagePlugin:STREAM b'IHDR' 16 13
DEBUG:PIL.PngImagePlugin:STREAM b'sBIT' 41 4
DEBUG:PIL.PngImagePlugin:b'sBIT' 41 4 (unknown)
DEBUG:PIL.PngImagePlugin:STREAM b'pHYs' 57 9
DEBUG:PIL.PngImagePlugin:STREAM b'tEXt' 78 25
DEBUG:PIL.PngImagePlugin:STREAM b'IDAT' 115 8192
DEBUG:PIL.PngImagePlugin:STREAM b'IHDR' 16 13
DEBUG:PIL.PngImagePlugin:STREAM b'sBIT' 41 4
DEBUG:PIL.PngImagePlugin:b'sBIT' 41 4 (unknown)
DEBUG:PIL.PngImagePlugin:STREAM b'pHYs' 57 9
DEBUG:PIL.PngImagePlugin:STREAM b'tEXt' 78 25
DEBUG:PIL.PngImagePlugin:STREAM b'tEXt' 115 18
DEBUG:PIL.PngImagePlugin:STREAM b'IDAT' 145 8192
DEBUG:PIL.PngImagePlugin:STREAM b'IHDR' 16 13
DEBUG:PIL.PngImagePlugin:STREAM b'IDAT' 41 28781
DEBUG:PIL.PngImagePlugin:STREAM b'IHDR' 16 13
DEBUG:PIL.PngImagePlugin:STREAM b'sBIT' 41 4
DEBUG:PIL.PngImagePlugin:b'sBIT' 41 4 (unknown)
DEBUG:PIL.PngImagePlugin:STREAM b'pHYs' 57 9
DEBUG:PIL.PngImagePlugin:STREAM b'tEXt' 78 25
DEBUG:PIL.PngImagePlugin:STREAM b'IDAT' 115 8192
DEBUG:root:Xml parser begin
DEBUG:root:File path: F:/Application_projects/Diploma thesis/DP_NS3_Visualizer_FEI_STU/resources/cc.xml
DEBUG:root:Xml parser end
DEBUG:PIL.PngImagePlugin:STREAM b'IHDR' 16 13
DEBUG:PIL.PngImagePlugin:STREAM b'pHYs' 41 9
DEBUG:PIL.PngImagePlugin:STREAM b'tEXt' 62 25
DEBUG:PIL.PngImagePlugin:STREAM b'IDAT' 99 66635
DEBUG:root:Xml parser begin
DEBUG:root:File path: resources/jj.xml
DEBUG:root:Xml parser end
DEBUG:root:Xml parser begin
DEBUG:root:File path: resources/cc.xml
DEBUG:root:Xml parser end
DEBUG:root:Xml parser begin
DEBUG:root:File path: resources/ns3.xml
DEBUG:root:Xml parser end
DEBUG:root:Xml conversion to json
DEBUG:root:File path: resources/jj.xml
DEBUG:root:Xml conversion to json
DEBUG:root:File path: resources/cc.xml
DEBUG:root:Xml conversion to json
DEBUG:root:File path: resources/ns3.xml
DEBUG:PIL.PngImagePlugin:STREAM b'IHDR' 16 13
DEBUG:PIL.PngImagePlugin:STREAM b'sBIT' 41 4
DEBUG:PIL.PngImagePlugin:b'sBIT' 41 4 (unknown)
DEBUG:PIL.PngImagePlugin:STREAM b'pHYs' 57 9
DEBUG:PIL.PngImagePlugin:STREAM b'tEXt' 78 25
DEBUG:PIL.PngImagePlugin:STREAM b'IDAT' 115 8192
DEBUG:PIL.PngImagePlugin:STREAM b'IHDR' 16 13
DEBUG:PIL.PngImagePlugin:STREAM b'sBIT' 41 4
DEBUG:PIL.PngImagePlugin:b'sBIT' 41 4 (unknown)
DEBUG:PIL.PngImagePlugin:STREAM b'pHYs' 57 9
DEBUG:PIL.PngImagePlugin:STREAM b'tEXt' 78 25
DEBUG:PIL.PngImagePlugin:STREAM b'tEXt' 115 18
DEBUG:PIL.PngImagePlugin:STREAM b'IDAT' 145 8192
DEBUG:PIL.PngImagePlugin:STREAM b'IHDR' 16 13
DEBUG:PIL.PngImagePlugin:STREAM b'IDAT' 41 28781
DEBUG:PIL.PngImagePlugin:STREAM b'IHDR' 16 13
DEBUG:PIL.PngImagePlugin:STREAM b'sBIT' 41 4
DEBUG:PIL.PngImagePlugin:b'sBIT' 41 4 (unknown)
DEBUG:PIL.PngImagePlugin:STREAM b'pHYs' 57 9
DEBUG:PIL.PngImagePlugin:STREAM b'tEXt' 78 25
DEBUG:PIL.PngImagePlugin:STREAM b'IDAT' 115 8192
DEBUG:root:Xml parser begin
DEBUG:root:File path: F:/Application_projects/Diploma thesis/DP_NS3_Visualizer_FEI_STU/resources/jj.xml
DEBUG:root:Xml parser end
DEBUG:PIL.PngImagePlugin:STREAM b'IHDR' 16 13
DEBUG:PIL.PngImagePlugin:STREAM b'pHYs' 41 9
DEBUG:PIL.PngImagePlugin:STREAM b'tEXt' 62 25
DEBUG:PIL.PngImagePlugin:STREAM b'IDAT' 99 66635
DEBUG:root:Xml parser begin
DEBUG:root:File path: F:/Application_projects/Diploma thesis/DP_NS3_Visualizer_FEI_STU/resources/ns3.xml
DEBUG:root:Xml parser end
DEBUG:root:Xml parser begin
DEBUG:root:File path: resources/jj.xml
DEBUG:root:Xml parser end
DEBUG:root:Xml parser begin
DEBUG:root:File path: resources/cc.xml
DEBUG:root:Xml parser end
DEBUG:root:Xml parser begin
DEBUG:root:File path: resources/ns3.xml
DEBUG:root:Xml parser end
DEBUG:root:Xml conversion to json
DEBUG:root:File path: resources/jj.xml
DEBUG:root:Xml conversion to json
DEBUG:root:File path: resources/cc.xml
DEBUG:root:Xml conversion to json
DEBUG:root:File path: resources/ns3.xml
DEBUG:PIL.PngImagePlugin:STREAM b'IHDR' 16 13
DEBUG:PIL.PngImagePlugin:STREAM b'sBIT' 41 4
DEBUG:PIL.PngImagePlugin:b'sBIT' 41 4 (unknown)
DEBUG:PIL.PngImagePlugin:STREAM b'pHYs' 57 9
DEBUG:PIL.PngImagePlugin:STREAM b'tEXt' 78 25
DEBUG:PIL.PngImagePlugin:STREAM b'IDAT' 115 8192
DEBUG:PIL.PngImagePlugin:STREAM b'IHDR' 16 13
DEBUG:PIL.PngImagePlugin:STREAM b'sBIT' 41 4
DEBUG:PIL.PngImagePlugin:b'sBIT' 41 4 (unknown)
DEBUG:PIL.PngImagePlugin:STREAM b'pHYs' 57 9
DEBUG:PIL.PngImagePlugin:STREAM b'tEXt' 78 25
DEBUG:PIL.PngImagePlugin:STREAM b'tEXt' 115 18
DEBUG:PIL.PngImagePlugin:STREAM b'IDAT' 145 8192
DEBUG:PIL.PngImagePlugin:STREAM b'IHDR' 16 13
DEBUG:PIL.PngImagePlugin:STREAM b'IDAT' 41 28781
DEBUG:PIL.PngImagePlugin:STREAM b'IHDR' 16 13
DEBUG:PIL.PngImagePlugin:STREAM b'sBIT' 41 4
DEBUG:PIL.PngImagePlugin:b'sBIT' 41 4 (unknown)
DEBUG:PIL.PngImagePlugin:STREAM b'pHYs' 57 9
DEBUG:PIL.PngImagePlugin:STREAM b'tEXt' 78 25
DEBUG:PIL.PngImagePlugin:STREAM b'IDAT' 115 8192
DEBUG:root:Xml parser begin
DEBUG:root:File path: F:/Application_projects/Diploma thesis/DP_NS3_Visualizer_FEI_STU/resources/jj.xml
DEBUG:root:Xml parser end
DEBUG:PIL.PngImagePlugin:STREAM b'IHDR' 16 13
DEBUG:PIL.PngImagePlugin:STREAM b'pHYs' 41 9
DEBUG:PIL.PngImagePlugin:STREAM b'tEXt' 62 25
DEBUG:PIL.PngImagePlugin:STREAM b'IDAT' 99 66635
DEBUG:PIL.PngImagePlugin:STREAM b'IHDR' 16 13
DEBUG:PIL.PngImagePlugin:STREAM b'pHYs' 41 9
DEBUG:PIL.PngImagePlugin:STREAM b'tEXt' 62 25
DEBUG:PIL.PngImagePlugin:STREAM b'IDAT' 99 66635
DEBUG:PIL.PngImagePlugin:STREAM b'IHDR' 16 13
DEBUG:PIL.PngImagePlugin:STREAM b'pHYs' 41 9
DEBUG:PIL.PngImagePlugin:STREAM b'tEXt' 62 25
DEBUG:PIL.PngImagePlugin:STREAM b'IDAT' 99 66635
DEBUG:PIL.PngImagePlugin:STREAM b'IHDR' 16 13
DEBUG:PIL.PngImagePlugin:STREAM b'pHYs' 41 9
DEBUG:PIL.PngImagePlugin:STREAM b'tEXt' 62 25
DEBUG:PIL.PngImagePlugin:STREAM b'IDAT' 99 66635
DEBUG:PIL.PngImagePlugin:STREAM b'IHDR' 16 13
DEBUG:PIL.PngImagePlugin:STREAM b'pHYs' 41 9
DEBUG:PIL.PngImagePlugin:STREAM b'tEXt' 62 25
DEBUG:PIL.PngImagePlugin:STREAM b'IDAT' 99 66635
DEBUG:PIL.PngImagePlugin:STREAM b'IHDR' 16 13
DEBUG:PIL.PngImagePlugin:STREAM b'pHYs' 41 9
DEBUG:PIL.PngImagePlugin:STREAM b'tEXt' 62 25
DEBUG:PIL.PngImagePlugin:STREAM b'IDAT' 99 66635
DEBUG:PIL.PngImagePlugin:STREAM b'IHDR' 16 13
DEBUG:PIL.PngImagePlugin:STREAM b'pHYs' 41 9
DEBUG:PIL.PngImagePlugin:STREAM b'tEXt' 62 25
DEBUG:PIL.PngImagePlugin:STREAM b'IDAT' 99 66635
DEBUG:root:Xml parser begin
DEBUG:root:File path: resources/jj.xml
DEBUG:root:Xml parser end
DEBUG:root:Xml parser begin
DEBUG:root:File path: resources/cc.xml
DEBUG:root:Xml parser end
DEBUG:root:Xml parser begin
DEBUG:root:File path: resources/ns3.xml
DEBUG:root:Xml parser end
DEBUG:root:Xml conversion to json
DEBUG:root:File path: resources/jj.xml
DEBUG:root:Xml conversion to json
DEBUG:root:File path: resources/cc.xml
DEBUG:root:Xml conversion to json
DEBUG:root:File path: resources/ns3.xml
DEBUG:PIL.PngImagePlugin:STREAM b'IHDR' 16 13
DEBUG:PIL.PngImagePlugin:STREAM b'sBIT' 41 4
DEBUG:PIL.PngImagePlugin:b'sBIT' 41 4 (unknown)
DEBUG:PIL.PngImagePlugin:STREAM b'pHYs' 57 9
DEBUG:PIL.PngImagePlugin:STREAM b'tEXt' 78 25
DEBUG:PIL.PngImagePlugin:STREAM b'IDAT' 115 8192
DEBUG:PIL.PngImagePlugin:STREAM b'IHDR' 16 13
DEBUG:PIL.PngImagePlugin:STREAM b'sBIT' 41 4
DEBUG:PIL.PngImagePlugin:b'sBIT' 41 4 (unknown)
DEBUG:PIL.PngImagePlugin:STREAM b'pHYs' 57 9
DEBUG:PIL.PngImagePlugin:STREAM b'tEXt' 78 25
DEBUG:PIL.PngImagePlugin:STREAM b'tEXt' 115 18
DEBUG:PIL.PngImagePlugin:STREAM b'IDAT' 145 8192
DEBUG:PIL.PngImagePlugin:STREAM b'IHDR' 16 13
DEBUG:PIL.PngImagePlugin:STREAM b'IDAT' 41 28781
DEBUG:PIL.PngImagePlugin:STREAM b'IHDR' 16 13
DEBUG:PIL.PngImagePlugin:STREAM b'sBIT' 41 4
DEBUG:PIL.PngImagePlugin:b'sBIT' 41 4 (unknown)
DEBUG:PIL.PngImagePlugin:STREAM b'pHYs' 57 9
DEBUG:PIL.PngImagePlugin:STREAM b'tEXt' 78 25
DEBUG:PIL.PngImagePlugin:STREAM b'IDAT' 115 8192
DEBUG:root:Xml parser begin
DEBUG:root:File path: F:/Application_projects/Diploma thesis/DP_NS3_Visualizer_FEI_STU/resources/ns3.xml
DEBUG:root:Xml parser end
DEBUG:PIL.PngImagePlugin:STREAM b'IHDR' 16 13
DEBUG:PIL.PngImagePlugin:STREAM b'pHYs' 41 9
DEBUG:PIL.PngImagePlugin:STREAM b'tEXt' 62 25
DEBUG:PIL.PngImagePlugin:STREAM b'IDAT' 99 66635
DEBUG:root:Xml parser begin
DEBUG:root:File path: resources/jj.xml
DEBUG:root:Xml parser end
DEBUG:root:Xml parser begin
DEBUG:root:File path: resources/cc.xml
DEBUG:root:Xml parser end
DEBUG:root:Xml parser begin
DEBUG:root:File path: resources/ns3.xml
DEBUG:root:Xml parser end
DEBUG:root:Xml conversion to json
DEBUG:root:File path: resources/jj.xml
DEBUG:root:Xml conversion to json
DEBUG:root:File path: resources/cc.xml
DEBUG:root:Xml conversion to json
DEBUG:root:File path: resources/ns3.xml
DEBUG:PIL.PngImagePlugin:STREAM b'IHDR' 16 13
DEBUG:PIL.PngImagePlugin:STREAM b'sBIT' 41 4
DEBUG:PIL.PngImagePlugin:b'sBIT' 41 4 (unknown)
DEBUG:PIL.PngImagePlugin:STREAM b'pHYs' 57 9
DEBUG:PIL.PngImagePlugin:STREAM b'tEXt' 78 25
DEBUG:PIL.PngImagePlugin:STREAM b'IDAT' 115 8192
DEBUG:PIL.PngImagePlugin:STREAM b'IHDR' 16 13
DEBUG:PIL.PngImagePlugin:STREAM b'sBIT' 41 4
DEBUG:PIL.PngImagePlugin:b'sBIT' 41 4 (unknown)
DEBUG:PIL.PngImagePlugin:STREAM b'pHYs' 57 9
DEBUG:PIL.PngImagePlugin:STREAM b'tEXt' 78 25
DEBUG:PIL.PngImagePlugin:STREAM b'tEXt' 115 18
DEBUG:PIL.PngImagePlugin:STREAM b'IDAT' 145 8192
DEBUG:PIL.PngImagePlugin:STREAM b'IHDR' 16 13
DEBUG:PIL.PngImagePlugin:STREAM b'IDAT' 41 28781
DEBUG:PIL.PngImagePlugin:STREAM b'IHDR' 16 13
DEBUG:PIL.PngImagePlugin:STREAM b'sBIT' 41 4
DEBUG:PIL.PngImagePlugin:b'sBIT' 41 4 (unknown)
DEBUG:PIL.PngImagePlugin:STREAM b'pHYs' 57 9
DEBUG:PIL.PngImagePlugin:STREAM b'tEXt' 78 25
DEBUG:PIL.PngImagePlugin:STREAM b'IDAT' 115 8192
DEBUG:root:Xml parser begin
DEBUG:root:File path: F:/Application_projects/Diploma thesis/DP_NS3_Visualizer_FEI_STU/resources/cc.xml
DEBUG:root:Xml parser end
DEBUG:PIL.PngImagePlugin:STREAM b'IHDR' 16 13
DEBUG:PIL.PngImagePlugin:STREAM b'pHYs' 41 9
DEBUG:PIL.PngImagePlugin:STREAM b'tEXt' 62 25
DEBUG:PIL.PngImagePlugin:STREAM b'IDAT' 99 66635
DEBUG:PIL.PngImagePlugin:STREAM b'IHDR' 16 13
DEBUG:PIL.PngImagePlugin:STREAM b'pHYs' 41 9
DEBUG:PIL.PngImagePlugin:STREAM b'tEXt' 62 25
DEBUG:PIL.PngImagePlugin:STREAM b'IDAT' 99 66635
DEBUG:PIL.PngImagePlugin:STREAM b'IHDR' 16 13
DEBUG:PIL.PngImagePlugin:STREAM b'pHYs' 41 9
DEBUG:PIL.PngImagePlugin:STREAM b'tEXt' 62 25
DEBUG:PIL.PngImagePlugin:STREAM b'IDAT' 99 66635
DEBUG:root:Xml parser begin
DEBUG:root:File path: resources/jj.xml
DEBUG:root:Xml parser end
DEBUG:root:Xml parser begin
DEBUG:root:File path: resources/cc.xml
DEBUG:root:Xml parser end
DEBUG:root:Xml parser begin
DEBUG:root:File path: resources/ns3.xml
DEBUG:root:Xml parser end
DEBUG:root:Xml conversion to json
DEBUG:root:File path: resources/jj.xml
DEBUG:root:Xml conversion to json
DEBUG:root:File path: resources/cc.xml
DEBUG:root:Xml conversion to json
DEBUG:root:File path: resources/ns3.xml
DEBUG:PIL.PngImagePlugin:STREAM b'IHDR' 16 13
DEBUG:PIL.PngImagePlugin:STREAM b'sBIT' 41 4
DEBUG:PIL.PngImagePlugin:b'sBIT' 41 4 (unknown)
DEBUG:PIL.PngImagePlugin:STREAM b'pHYs' 57 9
DEBUG:PIL.PngImagePlugin:STREAM b'tEXt' 78 25
DEBUG:PIL.PngImagePlugin:STREAM b'IDAT' 115 8192
DEBUG:PIL.PngImagePlugin:STREAM b'IHDR' 16 13
DEBUG:PIL.PngImagePlugin:STREAM b'sBIT' 41 4
DEBUG:PIL.PngImagePlugin:b'sBIT' 41 4 (unknown)
DEBUG:PIL.PngImagePlugin:STREAM b'pHYs' 57 9
DEBUG:PIL.PngImagePlugin:STREAM b'tEXt' 78 25
DEBUG:PIL.PngImagePlugin:STREAM b'tEXt' 115 18
DEBUG:PIL.PngImagePlugin:STREAM b'IDAT' 145 8192
DEBUG:PIL.PngImagePlugin:STREAM b'IHDR' 16 13
DEBUG:PIL.PngImagePlugin:STREAM b'IDAT' 41 28781
DEBUG:PIL.PngImagePlugin:STREAM b'IHDR' 16 13
DEBUG:PIL.PngImagePlugin:STREAM b'sBIT' 41 4
DEBUG:PIL.PngImagePlugin:b'sBIT' 41 4 (unknown)
DEBUG:PIL.PngImagePlugin:STREAM b'pHYs' 57 9
DEBUG:PIL.PngImagePlugin:STREAM b'tEXt' 78 25
DEBUG:PIL.PngImagePlugin:STREAM b'IDAT' 115 8192
DEBUG:root:Xml parser begin
DEBUG:root:File path: F:/Application_projects/Diploma thesis/DP_NS3_Visualizer_FEI_STU/resources/cc.xml
DEBUG:root:Xml parser end
DEBUG:PIL.PngImagePlugin:STREAM b'IHDR' 16 13
DEBUG:PIL.PngImagePlugin:STREAM b'pHYs' 41 9
DEBUG:PIL.PngImagePlugin:STREAM b'tEXt' 62 25
DEBUG:PIL.PngImagePlugin:STREAM b'IDAT' 99 66635
DEBUG:root:Xml parser begin
DEBUG:root:File path: resources/jj.xml
DEBUG:root:Xml parser end
DEBUG:root:Xml parser begin
DEBUG:root:File path: resources/cc.xml
DEBUG:root:Xml parser end
DEBUG:root:Xml parser begin
DEBUG:root:File path: resources/ns3.xml
DEBUG:root:Xml parser end
DEBUG:root:Xml conversion to json
DEBUG:root:File path: resources/jj.xml
DEBUG:root:Xml conversion to json
DEBUG:root:File path: resources/cc.xml
DEBUG:root:Xml conversion to json
DEBUG:root:File path: resources/ns3.xml
DEBUG:PIL.PngImagePlugin:STREAM b'IHDR' 16 13
DEBUG:PIL.PngImagePlugin:STREAM b'sBIT' 41 4
DEBUG:PIL.PngImagePlugin:b'sBIT' 41 4 (unknown)
DEBUG:PIL.PngImagePlugin:STREAM b'pHYs' 57 9
DEBUG:PIL.PngImagePlugin:STREAM b'tEXt' 78 25
DEBUG:PIL.PngImagePlugin:STREAM b'IDAT' 115 8192
DEBUG:PIL.PngImagePlugin:STREAM b'IHDR' 16 13
DEBUG:PIL.PngImagePlugin:STREAM b'sBIT' 41 4
DEBUG:PIL.PngImagePlugin:b'sBIT' 41 4 (unknown)
DEBUG:PIL.PngImagePlugin:STREAM b'pHYs' 57 9
DEBUG:PIL.PngImagePlugin:STREAM b'tEXt' 78 25
DEBUG:PIL.PngImagePlugin:STREAM b'tEXt' 115 18
DEBUG:PIL.PngImagePlugin:STREAM b'IDAT' 145 8192
DEBUG:PIL.PngImagePlugin:STREAM b'IHDR' 16 13
DEBUG:PIL.PngImagePlugin:STREAM b'IDAT' 41 28781
DEBUG:PIL.PngImagePlugin:STREAM b'IHDR' 16 13
DEBUG:PIL.PngImagePlugin:STREAM b'sBIT' 41 4
DEBUG:PIL.PngImagePlugin:b'sBIT' 41 4 (unknown)
DEBUG:PIL.PngImagePlugin:STREAM b'pHYs' 57 9
DEBUG:PIL.PngImagePlugin:STREAM b'tEXt' 78 25
DEBUG:PIL.PngImagePlugin:STREAM b'IDAT' 115 8192
DEBUG:root:Xml parser begin
DEBUG:root:File path: F:/Application_projects/Diploma thesis/DP_NS3_Visualizer_FEI_STU/resources/cc.xml
DEBUG:root:Xml parser end
DEBUG:PIL.PngImagePlugin:STREAM b'IHDR' 16 13
DEBUG:PIL.PngImagePlugin:STREAM b'pHYs' 41 9
DEBUG:PIL.PngImagePlugin:STREAM b'tEXt' 62 25
DEBUG:PIL.PngImagePlugin:STREAM b'IDAT' 99 66635
DEBUG:root:Xml parser begin
DEBUG:root:File path: resources/jj.xml
DEBUG:root:Xml parser end
DEBUG:root:Xml parser begin
DEBUG:root:File path: resources/cc.xml
DEBUG:root:Xml parser end
DEBUG:root:Xml parser begin
DEBUG:root:File path: resources/ns3.xml
DEBUG:root:Xml parser end
DEBUG:root:Xml conversion to json
DEBUG:root:File path: resources/jj.xml
DEBUG:root:Xml conversion to json
DEBUG:root:File path: resources/cc.xml
DEBUG:root:Xml conversion to json
DEBUG:root:File path: resources/ns3.xml
DEBUG:PIL.PngImagePlugin:STREAM b'IHDR' 16 13
DEBUG:PIL.PngImagePlugin:STREAM b'sBIT' 41 4
DEBUG:PIL.PngImagePlugin:b'sBIT' 41 4 (unknown)
DEBUG:PIL.PngImagePlugin:STREAM b'pHYs' 57 9
DEBUG:PIL.PngImagePlugin:STREAM b'tEXt' 78 25
DEBUG:PIL.PngImagePlugin:STREAM b'IDAT' 115 8192
DEBUG:PIL.PngImagePlugin:STREAM b'IHDR' 16 13
DEBUG:PIL.PngImagePlugin:STREAM b'sBIT' 41 4
DEBUG:PIL.PngImagePlugin:b'sBIT' 41 4 (unknown)
DEBUG:PIL.PngImagePlugin:STREAM b'pHYs' 57 9
DEBUG:PIL.PngImagePlugin:STREAM b'tEXt' 78 25
DEBUG:PIL.PngImagePlugin:STREAM b'tEXt' 115 18
DEBUG:PIL.PngImagePlugin:STREAM b'IDAT' 145 8192
DEBUG:PIL.PngImagePlugin:STREAM b'IHDR' 16 13
DEBUG:PIL.PngImagePlugin:STREAM b'IDAT' 41 28781
DEBUG:PIL.PngImagePlugin:STREAM b'IHDR' 16 13
DEBUG:PIL.PngImagePlugin:STREAM b'sBIT' 41 4
DEBUG:PIL.PngImagePlugin:b'sBIT' 41 4 (unknown)
DEBUG:PIL.PngImagePlugin:STREAM b'pHYs' 57 9
DEBUG:PIL.PngImagePlugin:STREAM b'tEXt' 78 25
DEBUG:PIL.PngImagePlugin:STREAM b'IDAT' 115 8192
DEBUG:root:Xml parser begin
DEBUG:root:File path: F:/Application_projects/Diploma thesis/DP_NS3_Visualizer_FEI_STU/resources/jj.xml
DEBUG:root:Xml parser end
DEBUG:PIL.PngImagePlugin:STREAM b'IHDR' 16 13
DEBUG:PIL.PngImagePlugin:STREAM b'pHYs' 41 9
DEBUG:PIL.PngImagePlugin:STREAM b'tEXt' 62 25
DEBUG:PIL.PngImagePlugin:STREAM b'IDAT' 99 66635
DEBUG:root:Xml parser begin
DEBUG:root:File path: resources/jj.xml
DEBUG:root:Xml parser end
DEBUG:root:Xml parser begin
DEBUG:root:File path: resources/cc.xml
DEBUG:root:Xml parser end
DEBUG:root:Xml parser begin
DEBUG:root:File path: resources/ns3.xml
DEBUG:root:Xml parser end
DEBUG:root:Xml conversion to json
DEBUG:root:File path: resources/jj.xml
DEBUG:root:Xml conversion to json
DEBUG:root:File path: resources/cc.xml
DEBUG:root:Xml conversion to json
DEBUG:root:File path: resources/ns3.xml
DEBUG:PIL.PngImagePlugin:STREAM b'IHDR' 16 13
DEBUG:PIL.PngImagePlugin:STREAM b'sBIT' 41 4
DEBUG:PIL.PngImagePlugin:b'sBIT' 41 4 (unknown)
DEBUG:PIL.PngImagePlugin:STREAM b'pHYs' 57 9
DEBUG:PIL.PngImagePlugin:STREAM b'tEXt' 78 25
DEBUG:PIL.PngImagePlugin:STREAM b'IDAT' 115 8192
DEBUG:PIL.PngImagePlugin:STREAM b'IHDR' 16 13
DEBUG:PIL.PngImagePlugin:STREAM b'sBIT' 41 4
DEBUG:PIL.PngImagePlugin:b'sBIT' 41 4 (unknown)
DEBUG:PIL.PngImagePlugin:STREAM b'pHYs' 57 9
DEBUG:PIL.PngImagePlugin:STREAM b'tEXt' 78 25
DEBUG:PIL.PngImagePlugin:STREAM b'tEXt' 115 18
DEBUG:PIL.PngImagePlugin:STREAM b'IDAT' 145 8192
DEBUG:PIL.PngImagePlugin:STREAM b'IHDR' 16 13
DEBUG:PIL.PngImagePlugin:STREAM b'IDAT' 41 28781
DEBUG:PIL.PngImagePlugin:STREAM b'IHDR' 16 13
DEBUG:PIL.PngImagePlugin:STREAM b'sBIT' 41 4
DEBUG:PIL.PngImagePlugin:b'sBIT' 41 4 (unknown)
DEBUG:PIL.PngImagePlugin:STREAM b'pHYs' 57 9
DEBUG:PIL.PngImagePlugin:STREAM b'tEXt' 78 25
DEBUG:PIL.PngImagePlugin:STREAM b'IDAT' 115 8192
DEBUG:root:Xml parser begin
DEBUG:root:File path: F:/Application_projects/Diploma thesis/DP_NS3_Visualizer_FEI_STU/resources/jj.xml
DEBUG:root:Xml parser end
DEBUG:PIL.PngImagePlugin:STREAM b'IHDR' 16 13
DEBUG:PIL.PngImagePlugin:STREAM b'pHYs' 41 9
DEBUG:PIL.PngImagePlugin:STREAM b'tEXt' 62 25
DEBUG:PIL.PngImagePlugin:STREAM b'IDAT' 99 66635
DEBUG:root:Xml parser begin
DEBUG:root:File path: resources/jj.xml
DEBUG:root:Xml parser end
DEBUG:root:Xml parser begin
DEBUG:root:File path: resources/cc.xml
DEBUG:root:Xml parser end
DEBUG:root:Xml parser begin
DEBUG:root:File path: resources/ns3.xml
DEBUG:root:Xml parser end
DEBUG:root:Xml conversion to json
DEBUG:root:File path: resources/jj.xml
DEBUG:root:Xml conversion to json
DEBUG:root:File path: resources/cc.xml
DEBUG:root:Xml conversion to json
DEBUG:root:File path: resources/ns3.xml
DEBUG:PIL.PngImagePlugin:STREAM b'IHDR' 16 13
DEBUG:PIL.PngImagePlugin:STREAM b'sBIT' 41 4
DEBUG:PIL.PngImagePlugin:b'sBIT' 41 4 (unknown)
DEBUG:PIL.PngImagePlugin:STREAM b'pHYs' 57 9
DEBUG:PIL.PngImagePlugin:STREAM b'tEXt' 78 25
DEBUG:PIL.PngImagePlugin:STREAM b'IDAT' 115 8192
DEBUG:PIL.PngImagePlugin:STREAM b'IHDR' 16 13
DEBUG:PIL.PngImagePlugin:STREAM b'sBIT' 41 4
DEBUG:PIL.PngImagePlugin:b'sBIT' 41 4 (unknown)
DEBUG:PIL.PngImagePlugin:STREAM b'pHYs' 57 9
DEBUG:PIL.PngImagePlugin:STREAM b'tEXt' 78 25
DEBUG:PIL.PngImagePlugin:STREAM b'tEXt' 115 18
DEBUG:PIL.PngImagePlugin:STREAM b'IDAT' 145 8192
DEBUG:PIL.PngImagePlugin:STREAM b'IHDR' 16 13
DEBUG:PIL.PngImagePlugin:STREAM b'IDAT' 41 28781
DEBUG:PIL.PngImagePlugin:STREAM b'IHDR' 16 13
DEBUG:PIL.PngImagePlugin:STREAM b'sBIT' 41 4
DEBUG:PIL.PngImagePlugin:b'sBIT' 41 4 (unknown)
DEBUG:PIL.PngImagePlugin:STREAM b'pHYs' 57 9
DEBUG:PIL.PngImagePlugin:STREAM b'tEXt' 78 25
DEBUG:PIL.PngImagePlugin:STREAM b'IDAT' 115 8192
DEBUG:root:Xml parser begin
DEBUG:root:File path: F:/Application_projects/Diploma thesis/DP_NS3_Visualizer_FEI_STU/resources/cc.xml
DEBUG:root:Xml parser end
DEBUG:PIL.PngImagePlugin:STREAM b'IHDR' 16 13
DEBUG:PIL.PngImagePlugin:STREAM b'pHYs' 41 9
DEBUG:PIL.PngImagePlugin:STREAM b'tEXt' 62 25
DEBUG:PIL.PngImagePlugin:STREAM b'IDAT' 99 66635
DEBUG:root:Xml parser begin
DEBUG:root:File path: resources/jj.xml
DEBUG:root:Xml parser end
DEBUG:root:Xml parser begin
DEBUG:root:File path: resources/cc.xml
DEBUG:root:Xml parser end
DEBUG:root:Xml parser begin
DEBUG:root:File path: resources/ns3.xml
DEBUG:root:Xml parser end
DEBUG:root:Xml conversion to json
DEBUG:root:File path: resources/jj.xml
DEBUG:root:Xml conversion to json
DEBUG:root:File path: resources/cc.xml
DEBUG:root:Xml conversion to json
DEBUG:root:File path: resources/ns3.xml
DEBUG:PIL.PngImagePlugin:STREAM b'IHDR' 16 13
DEBUG:PIL.PngImagePlugin:STREAM b'sBIT' 41 4
DEBUG:PIL.PngImagePlugin:b'sBIT' 41 4 (unknown)
DEBUG:PIL.PngImagePlugin:STREAM b'pHYs' 57 9
DEBUG:PIL.PngImagePlugin:STREAM b'tEXt' 78 25
DEBUG:PIL.PngImagePlugin:STREAM b'IDAT' 115 8192
DEBUG:PIL.PngImagePlugin:STREAM b'IHDR' 16 13
DEBUG:PIL.PngImagePlugin:STREAM b'sBIT' 41 4
DEBUG:PIL.PngImagePlugin:b'sBIT' 41 4 (unknown)
DEBUG:PIL.PngImagePlugin:STREAM b'pHYs' 57 9
DEBUG:PIL.PngImagePlugin:STREAM b'tEXt' 78 25
DEBUG:PIL.PngImagePlugin:STREAM b'tEXt' 115 18
DEBUG:PIL.PngImagePlugin:STREAM b'IDAT' 145 8192
DEBUG:PIL.PngImagePlugin:STREAM b'IHDR' 16 13
DEBUG:PIL.PngImagePlugin:STREAM b'IDAT' 41 28781
DEBUG:PIL.PngImagePlugin:STREAM b'IHDR' 16 13
DEBUG:PIL.PngImagePlugin:STREAM b'sBIT' 41 4
DEBUG:PIL.PngImagePlugin:b'sBIT' 41 4 (unknown)
DEBUG:PIL.PngImagePlugin:STREAM b'pHYs' 57 9
DEBUG:PIL.PngImagePlugin:STREAM b'tEXt' 78 25
DEBUG:PIL.PngImagePlugin:STREAM b'IDAT' 115 8192
DEBUG:root:Xml parser begin
DEBUG:root:File path: F:/Application_projects/Diploma thesis/DP_NS3_Visualizer_FEI_STU/resources/jj.xml
DEBUG:root:Xml parser end
DEBUG:PIL.PngImagePlugin:STREAM b'IHDR' 16 13
DEBUG:PIL.PngImagePlugin:STREAM b'pHYs' 41 9
DEBUG:PIL.PngImagePlugin:STREAM b'tEXt' 62 25
DEBUG:PIL.PngImagePlugin:STREAM b'IDAT' 99 66635
DEBUG:root:Xml parser begin
DEBUG:root:File path: resources/jj.xml
DEBUG:root:Xml parser end
DEBUG:root:Xml parser begin
DEBUG:root:File path: resources/cc.xml
DEBUG:root:Xml parser end
DEBUG:root:Xml parser begin
DEBUG:root:File path: resources/ns3.xml
DEBUG:root:Xml parser end
DEBUG:root:Xml conversion to json
DEBUG:root:File path: resources/jj.xml
DEBUG:root:Xml conversion to json
DEBUG:root:File path: resources/cc.xml
DEBUG:root:Xml conversion to json
DEBUG:root:File path: resources/ns3.xml
DEBUG:PIL.PngImagePlugin:STREAM b'IHDR' 16 13
DEBUG:PIL.PngImagePlugin:STREAM b'sBIT' 41 4
DEBUG:PIL.PngImagePlugin:b'sBIT' 41 4 (unknown)
DEBUG:PIL.PngImagePlugin:STREAM b'pHYs' 57 9
DEBUG:PIL.PngImagePlugin:STREAM b'tEXt' 78 25
DEBUG:PIL.PngImagePlugin:STREAM b'IDAT' 115 8192
DEBUG:PIL.PngImagePlugin:STREAM b'IHDR' 16 13
DEBUG:PIL.PngImagePlugin:STREAM b'sBIT' 41 4
DEBUG:PIL.PngImagePlugin:b'sBIT' 41 4 (unknown)
DEBUG:PIL.PngImagePlugin:STREAM b'pHYs' 57 9
DEBUG:PIL.PngImagePlugin:STREAM b'tEXt' 78 25
DEBUG:PIL.PngImagePlugin:STREAM b'tEXt' 115 18
DEBUG:PIL.PngImagePlugin:STREAM b'IDAT' 145 8192
DEBUG:PIL.PngImagePlugin:STREAM b'IHDR' 16 13
DEBUG:PIL.PngImagePlugin:STREAM b'IDAT' 41 28781
DEBUG:PIL.PngImagePlugin:STREAM b'IHDR' 16 13
DEBUG:PIL.PngImagePlugin:STREAM b'sBIT' 41 4
DEBUG:PIL.PngImagePlugin:b'sBIT' 41 4 (unknown)
DEBUG:PIL.PngImagePlugin:STREAM b'pHYs' 57 9
DEBUG:PIL.PngImagePlugin:STREAM b'tEXt' 78 25
DEBUG:PIL.PngImagePlugin:STREAM b'IDAT' 115 8192
DEBUG:root:Xml parser begin
DEBUG:root:File path: resources/jj.xml
DEBUG:root:Xml parser end
DEBUG:root:Xml parser begin
DEBUG:root:File path: resources/cc.xml
DEBUG:root:Xml parser end
DEBUG:root:Xml parser begin
DEBUG:root:File path: resources/ns3.xml
DEBUG:root:Xml parser end
DEBUG:root:Xml conversion to json
DEBUG:root:File path: resources/jj.xml
DEBUG:root:Xml conversion to json
DEBUG:root:File path: resources/cc.xml
DEBUG:root:Xml conversion to json
DEBUG:root:File path: resources/ns3.xml
DEBUG:PIL.PngImagePlugin:STREAM b'IHDR' 16 13
DEBUG:PIL.PngImagePlugin:STREAM b'sBIT' 41 4
DEBUG:PIL.PngImagePlugin:b'sBIT' 41 4 (unknown)
DEBUG:PIL.PngImagePlugin:STREAM b'pHYs' 57 9
DEBUG:PIL.PngImagePlugin:STREAM b'tEXt' 78 25
DEBUG:PIL.PngImagePlugin:STREAM b'IDAT' 115 8192
DEBUG:PIL.PngImagePlugin:STREAM b'IHDR' 16 13
DEBUG:PIL.PngImagePlugin:STREAM b'sBIT' 41 4
DEBUG:PIL.PngImagePlugin:b'sBIT' 41 4 (unknown)
DEBUG:PIL.PngImagePlugin:STREAM b'pHYs' 57 9
DEBUG:PIL.PngImagePlugin:STREAM b'tEXt' 78 25
DEBUG:PIL.PngImagePlugin:STREAM b'tEXt' 115 18
DEBUG:PIL.PngImagePlugin:STREAM b'IDAT' 145 8192
DEBUG:PIL.PngImagePlugin:STREAM b'IHDR' 16 13
DEBUG:PIL.PngImagePlugin:STREAM b'IDAT' 41 28781
DEBUG:PIL.PngImagePlugin:STREAM b'IHDR' 16 13
DEBUG:PIL.PngImagePlugin:STREAM b'sBIT' 41 4
DEBUG:PIL.PngImagePlugin:b'sBIT' 41 4 (unknown)
DEBUG:PIL.PngImagePlugin:STREAM b'pHYs' 57 9
DEBUG:PIL.PngImagePlugin:STREAM b'tEXt' 78 25
DEBUG:PIL.PngImagePlugin:STREAM b'IDAT' 115 8192
DEBUG:root:Xml parser begin
DEBUG:root:File path: F:/Application_projects/Diploma thesis/DP_NS3_Visualizer_FEI_STU/resources/jj.xml
DEBUG:root:Xml parser end
DEBUG:PIL.PngImagePlugin:STREAM b'IHDR' 16 13
DEBUG:PIL.PngImagePlugin:STREAM b'pHYs' 41 9
DEBUG:PIL.PngImagePlugin:STREAM b'tEXt' 62 25
DEBUG:PIL.PngImagePlugin:STREAM b'IDAT' 99 66635
DEBUG:root:Xml parser begin
DEBUG:root:File path: resources/jj.xml
DEBUG:root:Xml parser end
DEBUG:root:Xml parser begin
DEBUG:root:File path: resources/cc.xml
DEBUG:root:Xml parser end
DEBUG:root:Xml parser begin
DEBUG:root:File path: resources/ns3.xml
DEBUG:root:Xml parser end
DEBUG:root:Xml conversion to json
DEBUG:root:File path: resources/jj.xml
DEBUG:root:Xml conversion to json
DEBUG:root:File path: resources/cc.xml
DEBUG:root:Xml conversion to json
DEBUG:root:File path: resources/ns3.xml
DEBUG:PIL.PngImagePlugin:STREAM b'IHDR' 16 13
DEBUG:PIL.PngImagePlugin:STREAM b'sBIT' 41 4
DEBUG:PIL.PngImagePlugin:b'sBIT' 41 4 (unknown)
DEBUG:PIL.PngImagePlugin:STREAM b'pHYs' 57 9
DEBUG:PIL.PngImagePlugin:STREAM b'tEXt' 78 25
DEBUG:PIL.PngImagePlugin:STREAM b'IDAT' 115 8192
DEBUG:PIL.PngImagePlugin:STREAM b'IHDR' 16 13
DEBUG:PIL.PngImagePlugin:STREAM b'sBIT' 41 4
DEBUG:PIL.PngImagePlugin:b'sBIT' 41 4 (unknown)
DEBUG:PIL.PngImagePlugin:STREAM b'pHYs' 57 9
DEBUG:PIL.PngImagePlugin:STREAM b'tEXt' 78 25
DEBUG:PIL.PngImagePlugin:STREAM b'tEXt' 115 18
DEBUG:PIL.PngImagePlugin:STREAM b'IDAT' 145 8192
DEBUG:PIL.PngImagePlugin:STREAM b'IHDR' 16 13
DEBUG:PIL.PngImagePlugin:STREAM b'IDAT' 41 28781
DEBUG:PIL.PngImagePlugin:STREAM b'IHDR' 16 13
DEBUG:PIL.PngImagePlugin:STREAM b'sBIT' 41 4
DEBUG:PIL.PngImagePlugin:b'sBIT' 41 4 (unknown)
DEBUG:PIL.PngImagePlugin:STREAM b'pHYs' 57 9
DEBUG:PIL.PngImagePlugin:STREAM b'tEXt' 78 25
DEBUG:PIL.PngImagePlugin:STREAM b'IDAT' 115 8192
DEBUG:PIL.PngImagePlugin:STREAM b'IHDR' 16 13
DEBUG:PIL.PngImagePlugin:STREAM b'pHYs' 41 9
DEBUG:PIL.PngImagePlugin:STREAM b'tEXt' 62 25
DEBUG:PIL.PngImagePlugin:STREAM b'IDAT' 99 66635
DEBUG:root:Xml parser begin
DEBUG:root:File path: resources/jj.xml
DEBUG:root:Xml parser end
DEBUG:root:Xml parser begin
DEBUG:root:File path: resources/cc.xml
DEBUG:root:Xml parser end
DEBUG:root:Xml parser begin
DEBUG:root:File path: resources/ns3.xml
DEBUG:root:Xml parser end
DEBUG:root:Xml conversion to json
DEBUG:root:File path: resources/jj.xml
DEBUG:root:Xml conversion to json
DEBUG:root:File path: resources/cc.xml
DEBUG:root:Xml conversion to json
DEBUG:root:File path: resources/ns3.xml
DEBUG:PIL.PngImagePlugin:STREAM b'IHDR' 16 13
DEBUG:PIL.PngImagePlugin:STREAM b'sBIT' 41 4
DEBUG:PIL.PngImagePlugin:b'sBIT' 41 4 (unknown)
DEBUG:PIL.PngImagePlugin:STREAM b'pHYs' 57 9
DEBUG:PIL.PngImagePlugin:STREAM b'tEXt' 78 25
DEBUG:PIL.PngImagePlugin:STREAM b'IDAT' 115 8192
DEBUG:PIL.PngImagePlugin:STREAM b'IHDR' 16 13
DEBUG:PIL.PngImagePlugin:STREAM b'sBIT' 41 4
DEBUG:PIL.PngImagePlugin:b'sBIT' 41 4 (unknown)
DEBUG:PIL.PngImagePlugin:STREAM b'pHYs' 57 9
DEBUG:PIL.PngImagePlugin:STREAM b'tEXt' 78 25
DEBUG:PIL.PngImagePlugin:STREAM b'tEXt' 115 18
DEBUG:PIL.PngImagePlugin:STREAM b'IDAT' 145 8192
DEBUG:PIL.PngImagePlugin:STREAM b'IHDR' 16 13
DEBUG:PIL.PngImagePlugin:STREAM b'IDAT' 41 28781
DEBUG:PIL.PngImagePlugin:STREAM b'IHDR' 16 13
DEBUG:PIL.PngImagePlugin:STREAM b'sBIT' 41 4
DEBUG:PIL.PngImagePlugin:b'sBIT' 41 4 (unknown)
DEBUG:PIL.PngImagePlugin:STREAM b'pHYs' 57 9
DEBUG:PIL.PngImagePlugin:STREAM b'tEXt' 78 25
DEBUG:PIL.PngImagePlugin:STREAM b'IDAT' 115 8192
DEBUG:root:Xml parser begin
DEBUG:root:File path: resources/jj.xml
DEBUG:root:Xml parser end
DEBUG:root:Xml parser begin
DEBUG:root:File path: resources/cc.xml
DEBUG:root:Xml parser end
DEBUG:root:Xml parser begin
DEBUG:root:File path: resources/ns3.xml
DEBUG:root:Xml parser end
DEBUG:root:Xml conversion to json
DEBUG:root:File path: resources/jj.xml
DEBUG:root:Xml conversion to json
DEBUG:root:File path: resources/cc.xml
DEBUG:root:Xml conversion to json
DEBUG:root:File path: resources/ns3.xml
DEBUG:PIL.PngImagePlugin:STREAM b'IHDR' 16 13
DEBUG:PIL.PngImagePlugin:STREAM b'sBIT' 41 4
DEBUG:PIL.PngImagePlugin:b'sBIT' 41 4 (unknown)
DEBUG:PIL.PngImagePlugin:STREAM b'pHYs' 57 9
DEBUG:PIL.PngImagePlugin:STREAM b'tEXt' 78 25
DEBUG:PIL.PngImagePlugin:STREAM b'IDAT' 115 8192
DEBUG:PIL.PngImagePlugin:STREAM b'IHDR' 16 13
DEBUG:PIL.PngImagePlugin:STREAM b'sBIT' 41 4
DEBUG:PIL.PngImagePlugin:b'sBIT' 41 4 (unknown)
DEBUG:PIL.PngImagePlugin:STREAM b'pHYs' 57 9
DEBUG:PIL.PngImagePlugin:STREAM b'tEXt' 78 25
DEBUG:PIL.PngImagePlugin:STREAM b'tEXt' 115 18
DEBUG:PIL.PngImagePlugin:STREAM b'IDAT' 145 8192
DEBUG:PIL.PngImagePlugin:STREAM b'IHDR' 16 13
DEBUG:PIL.PngImagePlugin:STREAM b'IDAT' 41 28781
DEBUG:PIL.PngImagePlugin:STREAM b'IHDR' 16 13
DEBUG:PIL.PngImagePlugin:STREAM b'sBIT' 41 4
DEBUG:PIL.PngImagePlugin:b'sBIT' 41 4 (unknown)
DEBUG:PIL.PngImagePlugin:STREAM b'pHYs' 57 9
DEBUG:PIL.PngImagePlugin:STREAM b'tEXt' 78 25
DEBUG:PIL.PngImagePlugin:STREAM b'IDAT' 115 8192
DEBUG:root:Xml parser begin
DEBUG:root:File path: resources/jj.xml
DEBUG:root:Xml parser end
DEBUG:root:Xml parser begin
DEBUG:root:File path: resources/cc.xml
DEBUG:root:Xml parser end
DEBUG:root:Xml parser begin
DEBUG:root:File path: resources/ns3.xml
DEBUG:root:Xml parser end
DEBUG:root:Xml conversion to json
DEBUG:root:File path: resources/jj.xml
DEBUG:root:Xml conversion to json
DEBUG:root:File path: resources/cc.xml
DEBUG:root:Xml conversion to json
DEBUG:root:File path: resources/ns3.xml
DEBUG:PIL.PngImagePlugin:STREAM b'IHDR' 16 13
DEBUG:PIL.PngImagePlugin:STREAM b'sBIT' 41 4
DEBUG:PIL.PngImagePlugin:b'sBIT' 41 4 (unknown)
DEBUG:PIL.PngImagePlugin:STREAM b'pHYs' 57 9
DEBUG:PIL.PngImagePlugin:STREAM b'tEXt' 78 25
DEBUG:PIL.PngImagePlugin:STREAM b'IDAT' 115 8192
DEBUG:PIL.PngImagePlugin:STREAM b'IHDR' 16 13
DEBUG:PIL.PngImagePlugin:STREAM b'sBIT' 41 4
DEBUG:PIL.PngImagePlugin:b'sBIT' 41 4 (unknown)
DEBUG:PIL.PngImagePlugin:STREAM b'pHYs' 57 9
DEBUG:PIL.PngImagePlugin:STREAM b'tEXt' 78 25
DEBUG:PIL.PngImagePlugin:STREAM b'tEXt' 115 18
DEBUG:PIL.PngImagePlugin:STREAM b'IDAT' 145 8192
DEBUG:PIL.PngImagePlugin:STREAM b'IHDR' 16 13
DEBUG:PIL.PngImagePlugin:STREAM b'IDAT' 41 28781
DEBUG:PIL.PngImagePlugin:STREAM b'IHDR' 16 13
DEBUG:PIL.PngImagePlugin:STREAM b'sBIT' 41 4
DEBUG:PIL.PngImagePlugin:b'sBIT' 41 4 (unknown)
DEBUG:PIL.PngImagePlugin:STREAM b'pHYs' 57 9
DEBUG:PIL.PngImagePlugin:STREAM b'tEXt' 78 25
DEBUG:PIL.PngImagePlugin:STREAM b'IDAT' 115 8192
DEBUG:root:Xml parser begin
DEBUG:root:File path: F:/Application_projects/Diploma thesis/DP_NS3_Visualizer_FEI_STU/resources/jj.xml
DEBUG:root:Xml parser end
DEBUG:PIL.PngImagePlugin:STREAM b'IHDR' 16 13
DEBUG:PIL.PngImagePlugin:STREAM b'pHYs' 41 9
DEBUG:PIL.PngImagePlugin:STREAM b'tEXt' 62 25
DEBUG:PIL.PngImagePlugin:STREAM b'IDAT' 99 66635
DEBUG:root:Xml parser begin
DEBUG:root:File path: resources/jj.xml
DEBUG:root:Xml parser end
DEBUG:root:Xml parser begin
DEBUG:root:File path: resources/cc.xml
DEBUG:root:Xml parser end
DEBUG:root:Xml parser begin
DEBUG:root:File path: resources/ns3.xml
DEBUG:root:Xml parser end
DEBUG:root:Xml conversion to json
DEBUG:root:File path: resources/jj.xml
DEBUG:root:Xml conversion to json
DEBUG:root:File path: resources/cc.xml
DEBUG:root:Xml conversion to json
DEBUG:root:File path: resources/ns3.xml
DEBUG:PIL.PngImagePlugin:STREAM b'IHDR' 16 13
DEBUG:PIL.PngImagePlugin:STREAM b'sBIT' 41 4
DEBUG:PIL.PngImagePlugin:b'sBIT' 41 4 (unknown)
DEBUG:PIL.PngImagePlugin:STREAM b'pHYs' 57 9
DEBUG:PIL.PngImagePlugin:STREAM b'tEXt' 78 25
DEBUG:PIL.PngImagePlugin:STREAM b'IDAT' 115 8192
DEBUG:PIL.PngImagePlugin:STREAM b'IHDR' 16 13
DEBUG:PIL.PngImagePlugin:STREAM b'sBIT' 41 4
DEBUG:PIL.PngImagePlugin:b'sBIT' 41 4 (unknown)
DEBUG:PIL.PngImagePlugin:STREAM b'pHYs' 57 9
DEBUG:PIL.PngImagePlugin:STREAM b'tEXt' 78 25
DEBUG:PIL.PngImagePlugin:STREAM b'tEXt' 115 18
DEBUG:PIL.PngImagePlugin:STREAM b'IDAT' 145 8192
DEBUG:PIL.PngImagePlugin:STREAM b'IHDR' 16 13
DEBUG:PIL.PngImagePlugin:STREAM b'IDAT' 41 28781
DEBUG:PIL.PngImagePlugin:STREAM b'IHDR' 16 13
DEBUG:PIL.PngImagePlugin:STREAM b'sBIT' 41 4
DEBUG:PIL.PngImagePlugin:b'sBIT' 41 4 (unknown)
DEBUG:PIL.PngImagePlugin:STREAM b'pHYs' 57 9
DEBUG:PIL.PngImagePlugin:STREAM b'tEXt' 78 25
DEBUG:PIL.PngImagePlugin:STREAM b'IDAT' 115 8192
DEBUG:root:Xml parser begin
DEBUG:root:File path: F:/Application_projects/Diploma thesis/DP_NS3_Visualizer_FEI_STU/resources/cc.xml
DEBUG:root:Xml parser end
DEBUG:root:Xml parser begin
DEBUG:root:File path: F:/Application_projects/Diploma thesis/DP_NS3_Visualizer_FEI_STU/resources/cc.xml
DEBUG:root:Xml parser end
DEBUG:root:Xml parser begin
DEBUG:root:File path: resources/jj.xml
DEBUG:root:Xml parser end
DEBUG:root:Xml parser begin
DEBUG:root:File path: resources/cc.xml
DEBUG:root:Xml parser end
DEBUG:root:Xml parser begin
DEBUG:root:File path: resources/ns3.xml
DEBUG:root:Xml parser end
DEBUG:root:Xml conversion to json
DEBUG:root:File path: resources/jj.xml
DEBUG:root:Xml conversion to json
DEBUG:root:File path: resources/cc.xml
DEBUG:root:Xml conversion to json
DEBUG:root:File path: resources/ns3.xml
DEBUG:PIL.PngImagePlugin:STREAM b'IHDR' 16 13
DEBUG:PIL.PngImagePlugin:STREAM b'sBIT' 41 4
DEBUG:PIL.PngImagePlugin:b'sBIT' 41 4 (unknown)
DEBUG:PIL.PngImagePlugin:STREAM b'pHYs' 57 9
DEBUG:PIL.PngImagePlugin:STREAM b'tEXt' 78 25
DEBUG:PIL.PngImagePlugin:STREAM b'IDAT' 115 8192
DEBUG:PIL.PngImagePlugin:STREAM b'IHDR' 16 13
DEBUG:PIL.PngImagePlugin:STREAM b'sBIT' 41 4
DEBUG:PIL.PngImagePlugin:b'sBIT' 41 4 (unknown)
DEBUG:PIL.PngImagePlugin:STREAM b'pHYs' 57 9
DEBUG:PIL.PngImagePlugin:STREAM b'tEXt' 78 25
DEBUG:PIL.PngImagePlugin:STREAM b'tEXt' 115 18
DEBUG:PIL.PngImagePlugin:STREAM b'IDAT' 145 8192
DEBUG:PIL.PngImagePlugin:STREAM b'IHDR' 16 13
DEBUG:PIL.PngImagePlugin:STREAM b'IDAT' 41 28781
DEBUG:PIL.PngImagePlugin:STREAM b'IHDR' 16 13
DEBUG:PIL.PngImagePlugin:STREAM b'sBIT' 41 4
DEBUG:PIL.PngImagePlugin:b'sBIT' 41 4 (unknown)
DEBUG:PIL.PngImagePlugin:STREAM b'pHYs' 57 9
DEBUG:PIL.PngImagePlugin:STREAM b'tEXt' 78 25
DEBUG:PIL.PngImagePlugin:STREAM b'IDAT' 115 8192
DEBUG:root:Xml parser begin
DEBUG:root:File path: F:/Application_projects/Diploma thesis/DP_NS3_Visualizer_FEI_STU/resources/ns3.xml
DEBUG:root:Xml parser end
DEBUG:PIL.PngImagePlugin:STREAM b'IHDR' 16 13
DEBUG:PIL.PngImagePlugin:STREAM b'pHYs' 41 9
DEBUG:PIL.PngImagePlugin:STREAM b'tEXt' 62 25
DEBUG:PIL.PngImagePlugin:STREAM b'IDAT' 99 66635
